Microsoft Windows [Version 10.0.19045.5854]
(c) Microsoft Corporation. All rights reserved.

C:\Users\user>git --version
git version 2.49.0.windows.1

C:\Users\user>git config --global user.name "YUJINSIK-momo"

C:\Users\user>git config --global user.email "wlstlr2036@gmail.com"

C:\Users\user>git init
Initialized empty Git repository in C:/Users/user/.git/

C:\Users\user>cd "C:\Users\user\Desktop\SLACK번역봇개발\JINSIK"

C:\Users\user\Desktop\SLACK번역봇개발\JINSIK>git init
Initialized empty Git repository in C:/Users/user/Desktop/SLACK번역봇개발/JINSIK/.git/

C:\Users\user\Desktop\SLACK번역봇개발\JINSIK>git add .
warning: in the working copy of 'package-lock.json', LF will be replaced by CRLF the next time Git touches it
warning: in the working copy of 'package.json', LF will be replaced by CRLF the next time Git touches it

C:\Users\user\Desktop\SLACK번역봇개발\JINSIK>git commit -m "Initial commit: Slack translation bot"
[master (root-commit) 5f7bb5f] Initial commit: Slack translation bot
 6 files changed, 1550 insertions(+)
 create mode 100644 .gitignore
 create mode 100644 Procfile
 create mode 100644 README.md
 create mode 100644 index.js
 create mode 100644 package-lock.json
 create mode 100644 package.json

C:\Users\user\Desktop\SLACK번역봇개발\JINSIK>git remote add origin https://github.com/YOUR_USERNAME/YOUR_REPOSITORY_NAME.git

C:\Users\user\Desktop\SLACK번역봇개발\JINSIK>git push -u origin main
error: src refspec main does not match any
error: failed to push some refs to 'https://github.com/YOUR_USERNAME/YOUR_REPOSITORY_NAME.git'

C:\Users\user\Desktop\SLACK번역봇개발\JINSIK>git remote remove origin

C:\Users\user\Desktop\SLACK번역봇개발\JINSIK>git remote add origin https://github.com/YUJINSIK-momo/slack-translation-bot.git

C:\Users\user\Desktop\SLACK번역봇개발\JINSIK>git push -u origin master
info: please complete authentication in your browser...
Enumerating objects: 8, done.
Counting objects: 100% (8/8), done.
Delta compression using up to 16 threads
Compressing objects: 100% (6/6), done.
Writing objects: 100% (8/8), 15.18 KiB | 7.59 MiB/s, done.
Total 8 (delta 0), reused 0 (delta 0), pack-reused 0 (from 0)
To https://github.com/YUJINSIK-momo/slack-translation-bot.git
 * [new branch]      master -> master
branch 'master' set up to track 'origin/master'.

C:\Users\user\Desktop\SLACK번역봇개발\JINSIK>rm package-lock.json
'rm'은(는) 내부 또는 외부 명령, 실행할 수 있는 프로그램, 또는
배치 파일이 아닙니다.

C:\Users\user\Desktop\SLACK번역봇개발\JINSIK>git add package-lock.json
warning: in the working copy of 'package-lock.json', LF will be replaced by CRLF the next time Git touches it

C:\Users\user\Desktop\SLACK번역봇개발\JINSIK>git commit -m "Fix: regenerate package-lock.json"
[master 4adba04] Fix: regenerate package-lock.json
 1 file changed, 1632 insertions(+), 295 deletions(-)

C:\Users\user\Desktop\SLACK번역봇개발\JINSIK>git push
Enumerating objects: 5, done.
Counting objects: 100% (5/5), done.
Delta compression using up to 16 threads
Compressing objects: 100% (3/3), done.
Writing objects: 100% (3/3), 14.45 KiB | 7.23 MiB/s, done.
Total 3 (delta 2), reused 0 (delta 0), pack-reused 0 (from 0)
remote: Resolving deltas: 100% (2/2), completed with 2 local objects.
To https://github.com/YUJINSIK-momo/slack-translation-bot.git
   5f7bb5f..4adba04  master -> master

C:\Users\user\Desktop\SLACK번역봇개발\JINSIK>git push
Everything up-to-date

C:\Users\user\Desktop\SLACK번역봇개발\JINSIK>git add index.js

C:\Users\user\Desktop\SLACK번역봇개발\JINSIK>git commit -m "fix: add Slack url_verification challenge handler"
[master 74ca6be] fix: add Slack url_verification challenge handler
 1 file changed, 7 insertions(+)

C:\Users\user\Desktop\SLACK번역봇개발\JINSIK>git push
Enumerating objects: 5, done.
Counting objects: 100% (5/5), done.
Delta compression using up to 16 threads
Compressing objects: 100% (3/3), done.
Writing objects: 100% (3/3), 496 bytes | 496.00 KiB/s, done.
Total 3 (delta 2), reused 0 (delta 0), pack-reused 0 (from 0)
remote: Resolving deltas: 100% (2/2), completed with 2 local objects.
To https://github.com/YUJINSIK-momo/slack-translation-bot.git
   4adba04..74ca6be  master -> master

C:\Users\user\Desktop\SLACK번역봇개발\JINSIK>git add index.js

C:\Users\user\Desktop\SLACK번역봇개발\JINSIK>git commit -m "feat: 카드형 메시지 및 버튼 인터랙션 기능 추가"
[master d303749] feat: 카드형 메시지 및 버튼 인터랙션 기능 추가
 1 file changed, 53 insertions(+), 13 deletions(-)

C:\Users\user\Desktop\SLACK번역봇개발\JINSIK>git push
Enumerating objects: 5, done.
Counting objects: 100% (5/5), done.
Delta compression using up to 16 threads
Compressing objects: 100% (3/3), done.
Writing objects: 100% (3/3), 1.15 KiB | 1.15 MiB/s, done.
Total 3 (delta 2), reused 0 (delta 0), pack-reused 0 (from 0)
remote: Resolving deltas: 100% (2/2), completed with 2 local objects.
To https://github.com/YUJINSIK-momo/slack-translation-bot.git
   74ca6be..d303749  master -> master

C:\Users\user\Desktop\SLACK번역봇개발\JINSIK>git add index.js

C:\Users\user\Desktop\SLACK번역봇개발\JINSIK>git commit -m "feat: 줄바꿈 유지 및 섹션별 카드형 번역 기능 추가"
[master 73d5178] feat: 줄바꿈 유지 및 섹션별 카드형 번역 기능 추가
 1 file changed, 38 insertions(+), 11 deletions(-)

C:\Users\user\Desktop\SLACK번역봇개발\JINSIK>git push
Enumerating objects: 5, done.
Counting objects: 100% (5/5), done.
Delta compression using up to 16 threads
Compressing objects: 100% (3/3), done.
Writing objects: 100% (3/3), 748 bytes | 748.00 KiB/s, done.
Total 3 (delta 2), reused 0 (delta 0), pack-reused 0 (from 0)
remote: Resolving deltas: 100% (2/2), completed with 2 local objects.
To https://github.com/YUJINSIK-momo/slack-translation-bot.git
   d303749..73d5178  master -> master

C:\Users\user\Desktop\SLACK번역봇개발\JINSIK>git add index.js

C:\Users\user\Desktop\SLACK번역봇개발\JINSIK>git commit -m "feat: Block Kit 카드 라벨을 영어로 변경"
[master a5879b9] feat: Block Kit 카드 라벨을 영어로 변경
 1 file changed, 33 insertions(+), 22 deletions(-)

C:\Users\user\Desktop\SLACK번역봇개발\JINSIK>git push
Enumerating objects: 5, done.
Counting objects: 100% (5/5), done.
Delta compression using up to 16 threads
Compressing objects: 100% (3/3), done.
Writing objects: 100% (3/3), 942 bytes | 942.00 KiB/s, done.
Total 3 (delta 2), reused 0 (delta 0), pack-reused 0 (from 0)
remote: Resolving deltas: 100% (2/2), completed with 2 local objects.
To https://github.com/YUJINSIK-momo/slack-translation-bot.git
   73d5178..a5879b9  master -> master

C:\Users\user\Desktop\SLACK번역봇개발\JINSIK>git add index.js

C:\Users\user\Desktop\SLACK번역봇개발\JINSIK>git commit -m "fix: 팀명은 번역하지 않고 버튼 제거, 양식이 아니면 전체 번역만"
[master 3083989] fix: 팀명은 번역하지 않고 버튼 제거, 양식이 아니면 전체 번역만
 1 file changed, 54 insertions(+), 57 deletions(-)

C:\Users\user\Desktop\SLACK번역봇개발\JINSIK>git push
Enumerating objects: 5, done.
Counting objects: 100% (5/5), done.
Delta compression using up to 16 threads
Compressing objects: 100% (3/3), done.
Writing objects: 100% (3/3), 865 bytes | 865.00 KiB/s, done.
Total 3 (delta 2), reused 0 (delta 0), pack-reused 0 (from 0)
remote: Resolving deltas: 100% (2/2), completed with 2 local objects.
To https://github.com/YUJINSIK-momo/slack-translation-bot.git
   a5879b9..3083989  master -> master

C:\Users\user\Desktop\SLACK번역봇개발\JINSIK>git add index.js

C:\Users\user\Desktop\SLACK번역봇개발\JINSIK>git commit -m "feat: [신규]/[수정] 영어 header, 숫자 줄 번역 제외 기능 추가"
[master 6b3e6c1] feat: [신규]/[수정] 영어 header, 숫자 줄 번역 제외 기능 추가
 1 file changed, 37 insertions(+), 7 deletions(-)

C:\Users\user\Desktop\SLACK번역봇개발\JINSIK>git push
Enumerating objects: 5, done.
Counting objects: 100% (5/5), done.
Delta compression using up to 16 threads
Compressing objects: 100% (3/3), done.
Writing objects: 100% (3/3), 1004 bytes | 1004.00 KiB/s, done.
Total 3 (delta 2), reused 0 (delta 0), pack-reused 0 (from 0)
remote: Resolving deltas: 100% (2/2), completed with 2 local objects.
To https://github.com/YUJINSIK-momo/slack-translation-bot.git
   3083989..6b3e6c1  master -> master

C:\Users\user\Desktop\SLACK번역봇개발\JINSIK>git add index.js

C:\Users\user\Desktop\SLACK번역봇개발\JINSIK>git commit -m "fix: [NEW]/[EDIT]와 Team Name을 줄바꿈 header로 분리"
[master 3207284] fix: [NEW]/[EDIT]와 Team Name을 줄바꿈 header로 분리
 1 file changed, 15 insertions(+), 7 deletions(-)

C:\Users\user\Desktop\SLACK번역봇개발\JINSIK>git push
Enumerating objects: 5, done.
Counting objects: 100% (5/5), done.
Delta compression using up to 16 threads
Compressing objects: 100% (3/3), done.
Writing objects: 100% (3/3), 418 bytes | 418.00 KiB/s, done.
Total 3 (delta 2), reused 0 (delta 0), pack-reused 0 (from 0)
remote: Resolving deltas: 100% (2/2), completed with 2 local objects.
To https://github.com/YUJINSIK-momo/slack-translation-bot.git
   6b3e6c1..3207284  master -> master

C:\Users\user\Desktop\SLACK번역봇개발\JINSIK>git add index.js

C:\Users\user\Desktop\SLACK번역봇개발\JINSIK>git commit -m "fix: 각 섹션이 비어 있어도 항상 카드 양식 출력"
[master 3be6299] fix: 각 섹션이 비어 있어도 항상 카드 양식 출력
 1 file changed, 8 insertions(+), 8 deletions(-)

C:\Users\user\Desktop\SLACK번역봇개발\JINSIK>git push
Enumerating objects: 5, done.
Counting objects: 100% (5/5), done.
Delta compression using up to 16 threads
Compressing objects: 100% (3/3), done.
Writing objects: 100% (3/3), 468 bytes | 468.00 KiB/s, done.
Total 3 (delta 2), reused 0 (delta 0), pack-reused 0 (from 0)
remote: Resolving deltas: 100% (2/2), completed with 2 local objects.
To https://github.com/YUJINSIK-momo/slack-translation-bot.git
   3207284..3be6299  master -> master

C:\Users\user\Desktop\SLACK번역봇개발\JINSIK>